// Jest Snapshot v1, https://goo.gl/fbAQLP

exports[`With Snapshot Testing App shows "Hello world!" 1`] = `
<div
  className="button"
>
  <p>
    Hello World!
  </p>
</div>
`;
